// Jest Snapshot v1, https://goo.gl/fbAQLP

exports[`<IndexDiv /> matches snapshot 1`] = `
<div
  class=" p-12 text-sm flex flex-col items-center w-full "
  data-testid="index-div"
>
  <div
    class="flex flex-row w-full"
  >
    <h1
      class="font-display my-4"
    >
      mock title
    </h1>
  </div>
  <div
    data-testid="mock-child"
  />
</div>
`;
