// Jest Snapshot v1, https://goo.gl/fbAQLP

exports[`<ProjectDiv /> matches snapshot 1`] = `
<div
  class="flex flex-col justify-center items-center my-8 outline"
  data-testid="project-div"
>
  <div
    data-testid="project-header"
  >
    <h2>
      MyJournal
    </h2>
    <a
      class="m-1 ml-2 hover:underline flex flex-row items-center"
      data-testid="github-link"
      href="https://github.com/danmolloy/django-journal"
      target="_blank"
    >
      <svg
        fill="currentColor"
        height="1em"
        stroke="currentColor"
        stroke-width="0"
        viewBox="0 0 640 512"
        width="1em"
        xmlns="http://www.w3.org/2000/svg"
      >
        <path
          d="M255.03 261.65c6.25 6.25 16.38 6.25 22.63 0l11.31-11.31c6.25-6.25 6.25-16.38 0-22.63L253.25 192l35.71-35.72c6.25-6.25 6.25-16.38 0-22.63l-11.31-11.31c-6.25-6.25-16.38-6.25-22.63 0l-58.34 58.34c-6.25 6.25-6.25 16.38 0 22.63l58.35 58.34zm96.01-11.3l11.31 11.31c6.25 6.25 16.38 6.25 22.63 0l58.34-58.34c6.25-6.25 6.25-16.38 0-22.63l-58.34-58.34c-6.25-6.25-16.38-6.25-22.63 0l-11.31 11.31c-6.25 6.25-6.25 16.38 0 22.63L386.75 192l-35.71 35.72c-6.25 6.25-6.25 16.38 0 22.63zM624 416H381.54c-.74 19.81-14.71 32-32.74 32H288c-18.69 0-33.02-17.47-32.77-32H16c-8.8 0-16 7.2-16 16v16c0 35.2 28.8 64 64 64h512c35.2 0 64-28.8 64-64v-16c0-8.8-7.2-16-16-16zM576 48c0-26.4-21.6-48-48-48H112C85.6 0 64 21.6 64 48v336h512V48zm-64 272H128V64h384v256z"
        />
      </svg>
      <p
        class="ml-1"
      >
        View GitHub
      </p>
    </a>
    <a
      class="m-1 hover:underline flex flex-row items-center"
      data-testid="example-link"
      href="https://django-journal-production.up.railway.app/"
      target="_blank"
    >
      <svg
        fill="currentColor"
        height="1em"
        stroke="currentColor"
        stroke-width="0"
        viewBox="0 0 512 512"
        width="1em"
        xmlns="http://www.w3.org/2000/svg"
      >
        <path
          d="M326.612 185.391c59.747 59.809 58.927 155.698.36 214.59-.11.12-.24.25-.36.37l-67.2 67.2c-59.27 59.27-155.699 59.262-214.96 0-59.27-59.26-59.27-155.7 0-214.96l37.106-37.106c9.84-9.84 26.786-3.3 27.294 10.606.648 17.722 3.826 35.527 9.69 52.721 1.986 5.822.567 12.262-3.783 16.612l-13.087 13.087c-28.026 28.026-28.905 73.66-1.155 101.96 28.024 28.579 74.086 28.749 102.325.51l67.2-67.19c28.191-28.191 28.073-73.757 0-101.83-3.701-3.694-7.429-6.564-10.341-8.569a16.037 16.037 0 0 1-6.947-12.606c-.396-10.567 3.348-21.456 11.698-29.806l21.054-21.055c5.521-5.521 14.182-6.199 20.584-1.731a152.482 152.482 0 0 1 20.522 17.197zM467.547 44.449c-59.261-59.262-155.69-59.27-214.96 0l-67.2 67.2c-.12.12-.25.25-.36.37-58.566 58.892-59.387 154.781.36 214.59a152.454 152.454 0 0 0 20.521 17.196c6.402 4.468 15.064 3.789 20.584-1.731l21.054-21.055c8.35-8.35 12.094-19.239 11.698-29.806a16.037 16.037 0 0 0-6.947-12.606c-2.912-2.005-6.64-4.875-10.341-8.569-28.073-28.073-28.191-73.639 0-101.83l67.2-67.19c28.239-28.239 74.3-28.069 102.325.51 27.75 28.3 26.872 73.934-1.155 101.96l-13.087 13.087c-4.35 4.35-5.769 10.79-3.783 16.612 5.864 17.194 9.042 34.999 9.69 52.721.509 13.906 17.454 20.446 27.294 10.606l37.106-37.106c59.271-59.259 59.271-155.699.001-214.959z"
        />
      </svg>
      <p
        class="ml-1"
      >
        Live Example
      </p>
    </a>
    <div
      class="w-full flex flex-row mb-6"
    >
      <button
        class="custom-border-gradient border-b border-blue-500  py-2 my-2 mx-4 hover:text-zinc-400 "
        data-testid="overview-btn"
      >
        Overview
      </button>
      <button
        class="py-2 my-2 mx-4 hover:text-zinc-400"
      >
        Features
      </button>
    </div>
  </div>
  <div
    data-testid="project-text"
  >
    <div
      class=""
      data-testid="overview-tab"
    >
      <div>
        <p>
          My journal is a basic journalling web app, created as a personal learning tool when I was studying Django and Python. Very simply, users create an account and create journal entries which are only visible to themselves.
        </p>
        <p>
          MyJournal is built with Python and Django. It connects to a SQLite3 database and uses Django packages such as Django Auth.
        </p>
      </div>
      <div>
        <p
          class=""
        >
          Python
        </p>
        <p
          class=""
        >
          Django
        </p>
        <p
          class=""
        >
          Django-Templates
        </p>
        <p
          class=""
        >
          PostgreSQL
        </p>
      </div>
    </div>
  </div>
  <div
    class=" m-4 h-[796px]  flex flex-row items-center justify-center"
    data-testid="project-images"
  >
    <button
      class="opacity-30 transition-opacity duration-500 text-xl hover:text-amber-500"
      data-testid="left-chevron"
    >
      <svg
        fill="currentColor"
        height="1em"
        stroke="currentColor"
        stroke-width="0"
        viewBox="0 0 320 512"
        width="1em"
        xmlns="http://www.w3.org/2000/svg"
      >
        <path
          d="M34.52 239.03L228.87 44.69c9.37-9.37 24.57-9.37 33.94 0l22.67 22.67c9.36 9.36 9.37 24.52.04 33.9L131.49 256l154.02 154.75c9.34 9.38 9.32 24.54-.04 33.9l-22.67 22.67c-9.37 9.37-24.57 9.37-33.94 0L34.52 272.97c-9.37-9.37-9.37-24.57 0-33.94z"
        />
      </svg>
    </button>
    <img
      alt="Index View"
      class="mx-16 fade-in transition-opacity duration-200"
      data-nimg="1"
      decoding="async"
      fetchpriority="high"
      height="199"
      src="/_next/image?url=%2Fimages%2Fmyjournal-index.png&w=750&q=75"
      srcset="/_next/image?url=%2Fimages%2Fmyjournal-index.png&w=384&q=75 1x, /_next/image?url=%2Fimages%2Fmyjournal-index.png&w=750&q=75 2x"
      style="color: transparent;"
      width="360"
    />
    <button
      class="opacity-100 transition-opacity duration-700 text-xl hover:text-amber-500"
      data-testid="right-chevron"
    >
      <svg
        fill="currentColor"
        height="1em"
        stroke="currentColor"
        stroke-width="0"
        viewBox="0 0 320 512"
        width="1em"
        xmlns="http://www.w3.org/2000/svg"
      >
        <path
          d="M285.476 272.971L91.132 467.314c-9.373 9.373-24.569 9.373-33.941 0l-22.667-22.667c-9.357-9.357-9.375-24.522-.04-33.901L188.505 256 34.484 101.255c-9.335-9.379-9.317-24.544.04-33.901l22.667-22.667c9.373-9.373 24.569-9.373 33.941 0L285.475 239.03c9.373 9.372 9.373 24.568.001 33.941z"
        />
      </svg>
    </button>
  </div>
</div>
`;
