// Jest Snapshot v1, https://goo.gl/fbAQLP

exports[`<Footer /> matches snapshot 1`] = `
<div
  class="w-full h-20 dark:bg-zinc-900 flex sm:flex-row flex-col sm:justify-between p-2 items-center border-t"
  data-testid="footer"
>
  <button
    class="hover:underline font-display text-sm font-light hover:cursor-pointer active:text-zinc-400 m-1 "
  >
    Back to top
  </button>
  <p
    class="text-sm text-zinc-400 font-display"
  >
    Designed and built by Daniel Molloy
  </p>
</div>
`;
