// Jest Snapshot v1, https://goo.gl/fbAQLP

exports[`<ContactSection /> matches snapshot 1`] = `
<form
  action="#"
  class=" flex flex-col w-screen lg:w-1/2 "
  data-testid="contact-form"
>
  <div
    class="flex flex-col m-2"
  >
    <label
      class="form-label dark:text-zinc-400"
      for="name-input"
    >
      Name
    </label>
    <input
      class="text-black border border-zinc-400 rounded-md w-full p-1 dark:bg-zinc-300"
      id="name-input"
      name="name"
      type="text"
      value=""
    />
    <div
      class="h-6"
    />
  </div>
  <div
    class="flex flex-col m-2"
  >
    <label
      class="form-label dark:text-zinc-400"
      for="email"
    >
      Email
    </label>
    <input
      class="text-black border border-zinc-400 rounded-md w-full p-1 dark:bg-zinc-300"
      id="email"
      name="email"
      type="email"
      value=""
    />
    <div
      class="h-6"
    />
  </div>
  <div
    class="flex flex-col m-2 mb-0"
  >
    <label
      class="form-label dark:text-zinc-400"
      for="msg-text"
    >
      Message
    </label>
    <textarea
      class=" text-black border border-zinc-400 rounded-md w-full p-1 dark:bg-zinc-300"
      id="msg-text"
      maxlength="500"
      multiline="6"
      name="message"
      rows="4"
      type="textarea"
    />
    <div
      class="h-6"
    />
  </div>
  <button
    class=" disabled:opacity-30 hover:bg-blue-50 border shadow-sm border-blue-500 text-blue-500 m-2 p-1 w-24 rounded self-end dark:bg-gray-900 dark:hover:text-yellow-300 dark:hover:border-yellow-300"
    id="submit-button"
    type="submit"
  >
    Submit
  </button>
  <div />
</form>
`;
